// Jest Snapshot v1, https://goo.gl/fbAQLP

exports[`<App /> renders correctly 1`] = `
<BrowserRouter>
  <div
    className="app"
  >
    <header
      className="app-header"
    >
      <img
        alt="logo"
        className="app-logo"
        src="logo.svg"
      />
      <h1
        className="app-title"
      >
        React Components Patterns
      </h1>
    </header>
    <ul
      className="options"
    >
      <li
        key="/stateful"
      >
        <Link
          replace={false}
          to="/stateful"
        >
          Stateful
        </Link>
      </li>
      <li
        key="/stateless-off"
      >
        <Link
          replace={false}
          to="/stateless-off"
        >
          Stateless Off
        </Link>
      </li>
      <li
        key="/stateless-on"
      >
        <Link
          replace={false}
          to="/stateless-on"
        >
          Stateless On
        </Link>
      </li>
      <li
        key="/state-container"
      >
        <Link
          replace={false}
          to="/state-container"
        >
          State Container
        </Link>
      </li>
      <li
        key="/with-blue-click-hoc"
      >
        <Link
          replace={false}
          to="/with-blue-click-hoc"
        >
          With BlueClickHOC
        </Link>
      </li>
    </ul>
    <div
      className="components-container"
    >
      <Route
        component={[Function]}
        exact={true}
        path="/"
      />
      <React.Fragment>
        <Route
          component={[Function]}
          key="/stateful"
          path="/stateful"
        />
        <Route
          component={[Function]}
          key="/stateless-off"
          path="/stateless-off"
        />
        <Route
          component={[Function]}
          key="/stateless-on"
          path="/stateless-on"
        />
        <Route
          component={[Function]}
          key="/state-container"
          path="/state-container"
        />
        <Route
          component={[Function]}
          key="/with-blue-click-hoc"
          path="/with-blue-click-hoc"
        />
      </React.Fragment>
    </div>
  </div>
</BrowserRouter>
`;
